// Vitest Snapshot v1, https://vitest.dev/guide/snapshot.html

exports[`List组件测试 > 快照测试 1`] = `
[
  <div
    role="list-item"
    style="border: 1px solid #ccc; margin-bottom: 10px;"
  >
    标题:
    <span>
      这是一个测试的todo1
    </span>
    <br />
    内容: 
    <span>
      我今天要完成这件事情
    </span>
    <br />
    创建时间: 
    <span>
      2024-02-03 22:14:39
    </span>
    <br />
    状态:
    <span>
      已完成
    </span>
  </div>,
  <div
    role="list-item"
    style="border: 1px solid #ccc; margin-bottom: 10px;"
  >
    标题:
    <span>
      这是一个测试的todo
    </span>
    <br />
    内容: 
    <span>
      我今天要完成这件事情
    </span>
    <br />
    创建时间: 
    <span>
      2024-02-03 22:14:39
    </span>
    <br />
    状态:
    <span>
      已完成
    </span>
  </div>,
  <div
    role="list-item"
    style="border: 1px solid #ccc; margin-bottom: 10px;"
  >
    标题:
    <span>
      这是一个测试的todo
    </span>
    <br />
    内容: 
    <span>
      我今天要完成这件事情
    </span>
    <br />
    创建时间: 
    <span>
      2024-02-03 22:14:39
    </span>
    <br />
    状态:
    <span>
      未完成
    </span>
  </div>,
  <div
    role="list-item"
    style="border: 1px solid #ccc; margin-bottom: 10px;"
  >
    标题:
    <span>
      这是一个测试的todo
    </span>
    <br />
    内容: 
    <span>
      我今天要完成这件事情
    </span>
    <br />
    创建时间: 
    <span>
      2024-02-03 22:14:39
    </span>
    <br />
    状态:
    <span>
      未完成
    </span>
  </div>,
  <div
    role="list-item"
    style="border: 1px solid #ccc; margin-bottom: 10px;"
  >
    标题:
    <span>
      这是一个测试的todo
    </span>
    <br />
    内容: 
    <span>
      我今天要完成这件事情
    </span>
    <br />
    创建时间: 
    <span>
      2024-02-03 22:14:39
    </span>
    <br />
    状态:
    <span>
      已完成
    </span>
  </div>,
]
`;
